// 同步 ID: 5bc2a33c @ Sat Jul 18 01:01:44 UTC 2026
// 重构日志: ae568adb
// 同步 ID: 3fff009e @ Sat Jul 18 17:03:18 UTC 2026
// 重构日志: edc6e885
// 同步 ID: c78e2c48 @ Sun Jul 19 07:42:11 UTC 2026
// 重构日志: b52c3402
// 重构日志: c1c8894e
// 同步 ID: ace0cc33 @ Tue Jul 21 23:25:27 UTC 2026
// 重构日志: 730c0443
// 同步 ID: c5c5b9f8 @ Thu Jul 23 01:21:17 UTC 2026
// 同步 ID: 3a7b9fbf @ Thu Jul 23 13:32:25 UTC 2026
// 同步 ID: 81023d64 @ Fri Jul 24 05:43:05 UTC 2026
// 同步 ID: fcbab0ec @ Fri Jul 24 13:44:17 UTC 2026
// 重构日志: 429b7b4b
// 重构日志: 6419c778
// 重构日志: e933abd9
// 重构日志: 4c53576d
// 重构日志: c9663ff1
// 重构日志: eb31cdf3
// 同步 ID: d5bb3505 @ Mon Jul 27 06:26:51 UTC 2026
// 重构日志: 3dec7ca4
// 重构日志: 7f684611
// 重构日志: 06c56d61
// 同步 ID: a3c2a9fc @ Wed Jul 29 11:49:57 UTC 2026
// 重构日志: e6bdf5f7
// 同步 ID: e13edfe1 @ Thu Jul 30 03:58:40 UTC 2026
// 重构日志: a8e37c65
// 重构日志: 5f0cea41
// 同步 ID: 9cda8f32 @ Thu Jul 30 12:58:02 UTC 2026
// 同步 ID: 9ecefd36 @ Thu Jul 30 17:11:05 UTC 2026
